Archive member included to satisfy reference by file (symbol)

c:/intelfpga_lite/18.1/nios2eds/bin/gnu/h-x86_64-mingw32/bin/../lib/gcc/nios2-elf/5.3.0/mno-hw-mul\libgcc.a(lib2-divmod.o)
                              obj/default/hello_world_small.o (__divsi3)
c:/intelfpga_lite/18.1/nios2eds/bin/gnu/h-x86_64-mingw32/bin/../lib/gcc/nios2-elf/5.3.0/mno-hw-mul\libgcc.a(lib2-mul.o)
                              obj/default/hello_world_small.o (__mulsi3)
c:/intelfpga_lite/18.1/nios2eds/bin/gnu/h-x86_64-mingw32/bin/../lib/gcc/nios2-elf/5.3.0/../../../../../H-x86_64-mingw32/nios2-elf/lib/mno-hw-mul\libsmallc.a(lib_a-puts.o)
                              obj/default/hello_world_small.o (puts)
c:/intelfpga_lite/18.1/nios2eds/bin/gnu/h-x86_64-mingw32/bin/../lib/gcc/nios2-elf/5.3.0/../../../../../H-x86_64-mingw32/nios2-elf/lib/mno-hw-mul\libsmallc.a(lib_a-strlen.o)
                              c:/intelfpga_lite/18.1/nios2eds/bin/gnu/h-x86_64-mingw32/bin/../lib/gcc/nios2-elf/5.3.0/../../../../../H-x86_64-mingw32/nios2-elf/lib/mno-hw-mul\libsmallc.a(lib_a-puts.o) (strlen)
c:/intelfpga_lite/18.1/nios2eds/bin/gnu/h-x86_64-mingw32/bin/../lib/gcc/nios2-elf/5.3.0/../../../../../H-x86_64-mingw32/nios2-elf/lib/mno-hw-mul\libsmallc.a(lib_a-fvwrite_small_dev.o)
                              c:/intelfpga_lite/18.1/nios2eds/bin/gnu/h-x86_64-mingw32/bin/../lib/gcc/nios2-elf/5.3.0/../../../../../H-x86_64-mingw32/nios2-elf/lib/mno-hw-mul\libsmallc.a(lib_a-puts.o) (__sfvwrite_small_dev)
c:/intelfpga_lite/18.1/nios2eds/bin/gnu/h-x86_64-mingw32/bin/../lib/gcc/nios2-elf/5.3.0/../../../../../H-x86_64-mingw32/nios2-elf/lib/mno-hw-mul\libsmallc.a(lib_a-impure.o)
                              c:/intelfpga_lite/18.1/nios2eds/bin/gnu/h-x86_64-mingw32/bin/../lib/gcc/nios2-elf/5.3.0/../../../../../H-x86_64-mingw32/nios2-elf/lib/mno-hw-mul\libsmallc.a(lib_a-puts.o) (_impure_ptr)
c:/intelfpga_lite/18.1/nios2eds/bin/gnu/h-x86_64-mingw32/bin/../lib/gcc/nios2-elf/5.3.0/../../../../../H-x86_64-mingw32/nios2-elf/lib/mno-hw-mul\libsmallc.a(lib_a-writer.o)
                              c:/intelfpga_lite/18.1/nios2eds/bin/gnu/h-x86_64-mingw32/bin/../lib/gcc/nios2-elf/5.3.0/../../../../../H-x86_64-mingw32/nios2-elf/lib/mno-hw-mul\libsmallc.a(lib_a-fvwrite_small_dev.o) (_write_r)
c:/intelfpga_lite/18.1/nios2eds/bin/gnu/h-x86_64-mingw32/bin/../lib/gcc/nios2-elf/5.3.0/../../../../../H-x86_64-mingw32/nios2-elf/lib/mno-hw-mul\libsmallc.a(lib_a-int_errno.o)
                              c:/intelfpga_lite/18.1/nios2eds/bin/gnu/h-x86_64-mingw32/bin/../lib/gcc/nios2-elf/5.3.0/../../../../../H-x86_64-mingw32/nios2-elf/lib/mno-hw-mul\libsmallc.a(lib_a-writer.o) (errno)
../MyAlarmClock_bsp/\libhal_bsp.a(alt_iic.o)
                              obj/default/hello_world_small.o (alt_ic_isr_register)
../MyAlarmClock_bsp/\libhal_bsp.a(alt_iic_isr_register.o)
                              ../MyAlarmClock_bsp/\libhal_bsp.a(alt_iic.o) (alt_iic_isr_register)
../MyAlarmClock_bsp/\libhal_bsp.a(alt_irq_entry.o)
                              ../MyAlarmClock_bsp/\libhal_bsp.a(alt_iic_isr_register.o) (alt_irq_entry)
../MyAlarmClock_bsp/\libhal_bsp.a(alt_irq_handler.o)
                              ../MyAlarmClock_bsp/\libhal_bsp.a(alt_iic_isr_register.o) (alt_irq_handler)
../MyAlarmClock_bsp/\libhal_bsp.a(alt_irq_vars.o)
                              ../MyAlarmClock_bsp/\libhal_bsp.a(alt_iic.o) (alt_irq_active)
../MyAlarmClock_bsp/\libhal_bsp.a(alt_load.o)
                              ../MyAlarmClock_bsp//obj/HAL/src/crt0.o (alt_load)
../MyAlarmClock_bsp/\libhal_bsp.a(alt_main.o)
                              ../MyAlarmClock_bsp//obj/HAL/src/crt0.o (alt_main)
../MyAlarmClock_bsp/\libhal_bsp.a(alt_write.o)
                              c:/intelfpga_lite/18.1/nios2eds/bin/gnu/h-x86_64-mingw32/bin/../lib/gcc/nios2-elf/5.3.0/../../../../../H-x86_64-mingw32/nios2-elf/lib/mno-hw-mul\libsmallc.a(lib_a-writer.o) (write)
../MyAlarmClock_bsp/\libhal_bsp.a(alt_sys_init.o)
                              ../MyAlarmClock_bsp/\libhal_bsp.a(alt_main.o) (alt_irq_init)
../MyAlarmClock_bsp/\libhal_bsp.a(altera_avalon_jtag_uart_write.o)
                              ../MyAlarmClock_bsp/\libhal_bsp.a(alt_write.o) (altera_avalon_jtag_uart_write)
../MyAlarmClock_bsp/\libhal_bsp.a(alt_dcache_flush_all.o)
                              ../MyAlarmClock_bsp/\libhal_bsp.a(alt_load.o) (alt_dcache_flush_all)
../MyAlarmClock_bsp/\libhal_bsp.a(alt_errno.o)
                              ../MyAlarmClock_bsp/\libhal_bsp.a(alt_write.o) (alt_errno)
../MyAlarmClock_bsp/\libhal_bsp.a(alt_exception_entry.o)
                              ../MyAlarmClock_bsp/\libhal_bsp.a(alt_irq_entry.o) (alt_exception)
../MyAlarmClock_bsp/\libhal_bsp.a(alt_icache_flush_all.o)
                              ../MyAlarmClock_bsp/\libhal_bsp.a(alt_load.o) (alt_icache_flush_all)
../MyAlarmClock_bsp/\libhal_bsp.a(alt_instruction_exception_entry.o)
                              ../MyAlarmClock_bsp/\libhal_bsp.a(alt_exception_entry.o) (alt_instruction_exception_entry)
../MyAlarmClock_bsp/\libhal_bsp.a(altera_nios2_gen2_irq.o)
                              ../MyAlarmClock_bsp/\libhal_bsp.a(alt_sys_init.o) (altera_nios2_gen2_irq_init)

Allocating common symbols
Common symbol       size              file

alt_irq             0x100             ../MyAlarmClock_bsp/\libhal_bsp.a(alt_irq_handler.o)
errno               0x4               c:/intelfpga_lite/18.1/nios2eds/bin/gnu/h-x86_64-mingw32/bin/../lib/gcc/nios2-elf/5.3.0/../../../../../H-x86_64-mingw32/nios2-elf/lib/mno-hw-mul\libsmallc.a(lib_a-int_errno.o)

Memory Configuration

Name             Origin             Length             Attributes
reset            0x0000000000010000 0x0000000000000020
memory           0x0000000000010020 0x000000000000bf84
*default*        0x0000000000000000 0xffffffffffffffff

Linker script and memory map

LOAD ../MyAlarmClock_bsp//obj/HAL/src/crt0.o
LOAD obj/default/hello_world_small.o
LOAD c:/intelfpga_lite/18.1/nios2eds/bin/gnu/h-x86_64-mingw32/bin/../lib/gcc/nios2-elf/5.3.0/../../../../../H-x86_64-mingw32/nios2-elf/lib/mno-hw-mul\libstdc++.a
LOAD c:/intelfpga_lite/18.1/nios2eds/bin/gnu/h-x86_64-mingw32/bin/../lib/gcc/nios2-elf/5.3.0/../../../../../H-x86_64-mingw32/nios2-elf/lib/mno-hw-mul\libm.a
LOAD c:/intelfpga_lite/18.1/nios2eds/bin/gnu/h-x86_64-mingw32/bin/../lib/gcc/nios2-elf/5.3.0/mno-hw-mul\libgcc.a
START GROUP
LOAD c:/intelfpga_lite/18.1/nios2eds/bin/gnu/h-x86_64-mingw32/bin/../lib/gcc/nios2-elf/5.3.0/../../../../../H-x86_64-mingw32/nios2-elf/lib/mno-hw-mul\libsmallc.a
LOAD c:/intelfpga_lite/18.1/nios2eds/bin/gnu/h-x86_64-mingw32/bin/../lib/gcc/nios2-elf/5.3.0/mno-hw-mul\libgcc.a
LOAD ../MyAlarmClock_bsp/\libhal_bsp.a
LOAD c:/intelfpga_lite/18.1/nios2eds/bin/gnu/h-x86_64-mingw32/bin/../lib/gcc/nios2-elf/5.3.0/../../../../../H-x86_64-mingw32/nios2-elf/lib/mno-hw-mul\libm.a
END GROUP
LOAD c:/intelfpga_lite/18.1/nios2eds/bin/gnu/h-x86_64-mingw32/bin/../lib/gcc/nios2-elf/5.3.0/mno-hw-mul\libgcc.a
                0x0000000000010000                __alt_mem_memory = 0x10000

.entry          0x0000000000010000       0x20
 *(.entry)
 .entry         0x0000000000010000       0x20 ../MyAlarmClock_bsp//obj/HAL/src/crt0.o
                0x0000000000010000                __reset
                0x000000000001000c                _exit

.exceptions     0x0000000000010020      0x160
                0x0000000000010020                PROVIDE (__ram_exceptions_start, ABSOLUTE (.))
                0x0000000000010020                . = ALIGN (0x20)
 *(.irq)
 *(.exceptions.entry.label)
 .exceptions.entry.label
                0x0000000000010020        0x0 ../MyAlarmClock_bsp/\libhal_bsp.a(alt_irq_entry.o)
                0x0000000000010020                alt_irq_entry
 .exceptions.entry.label
                0x0000000000010020        0x0 ../MyAlarmClock_bsp/\libhal_bsp.a(alt_exception_entry.o)
                0x0000000000010020                alt_exception
 *(.exceptions.entry.user)
 *(.exceptions.entry.ecc_fatal)
 *(.exceptions.entry)
 .exceptions.entry
                0x0000000000010020       0x54 ../MyAlarmClock_bsp/\libhal_bsp.a(alt_exception_entry.o)
 *(.exceptions.irqtest.user)
 *(.exceptions.irqtest)
 .exceptions.irqtest
                0x0000000000010074       0x10 ../MyAlarmClock_bsp/\libhal_bsp.a(alt_irq_entry.o)
 *(.exceptions.irqhandler.user)
 *(.exceptions.irqhandler)
 .exceptions.irqhandler
                0x0000000000010084        0x4 ../MyAlarmClock_bsp/\libhal_bsp.a(alt_irq_entry.o)
 *(.exceptions.irqreturn.user)
 *(.exceptions.irqreturn)
 .exceptions.irqreturn
                0x0000000000010088        0x4 ../MyAlarmClock_bsp/\libhal_bsp.a(alt_irq_entry.o)
 *(.exceptions.notirq.label)
 .exceptions.notirq.label
                0x000000000001008c        0x0 ../MyAlarmClock_bsp/\libhal_bsp.a(alt_irq_entry.o)
 *(.exceptions.notirq.user)
 *(.exceptions.notirq)
 .exceptions.notirq
                0x000000000001008c        0x8 ../MyAlarmClock_bsp/\libhal_bsp.a(alt_exception_entry.o)
 *(.exceptions.soft.user)
 *(.exceptions.soft)
 *(.exceptions.unknown.user)
 *(.exceptions.unknown)
 .exceptions.unknown
                0x0000000000010094       0x14 ../MyAlarmClock_bsp/\libhal_bsp.a(alt_exception_entry.o)
 *(.exceptions.exit.label)
 .exceptions.exit.label
                0x00000000000100a8        0x0 ../MyAlarmClock_bsp/\libhal_bsp.a(alt_irq_entry.o)
 .exceptions.exit.label
                0x00000000000100a8        0x0 ../MyAlarmClock_bsp/\libhal_bsp.a(alt_exception_entry.o)
 *(.exceptions.exit.user)
 *(.exceptions.exit)
 .exceptions.exit
                0x00000000000100a8       0x54 ../MyAlarmClock_bsp/\libhal_bsp.a(alt_exception_entry.o)
 *(.exceptions)
 .exceptions    0x00000000000100fc       0x60 ../MyAlarmClock_bsp/\libhal_bsp.a(alt_irq_handler.o)
                0x00000000000100fc                alt_irq_handler
 .exceptions    0x000000000001015c       0x24 ../MyAlarmClock_bsp/\libhal_bsp.a(alt_instruction_exception_entry.o)
                0x000000000001015c                alt_instruction_exception_entry
                0x0000000000010180                PROVIDE (__ram_exceptions_end, ABSOLUTE (.))
                0x0000000000010020                PROVIDE (__flash_exceptions_start, LOADADDR (.exceptions))

.text           0x0000000000010180      0xd7c
                [!provide]                        PROVIDE (stext, ABSOLUTE (.))
 *(.interp)
 *(.hash)
 *(.dynsym)
 *(.dynstr)
 *(.gnu.version)
 *(.gnu.version_d)
 *(.gnu.version_r)
 *(.rel.init)
 *(.rela.init)
 *(.rel.text .rel.text.* .rel.gnu.linkonce.t.*)
 *(.rela.text .rela.text.* .rela.gnu.linkonce.t.*)
 *(.rel.fini)
 *(.rela.fini)
 *(.rel.rodata .rel.rodata.* .rel.gnu.linkonce.r.*)
 *(.rela.rodata .rela.rodata.* .rela.gnu.linkonce.r.*)
 *(.rel.data .rel.data.* .rel.gnu.linkonce.d.*)
 *(.rela.data .rela.data.* .rela.gnu.linkonce.d.*)
 *(.rel.tdata .rel.tdata.* .rel.gnu.linkonce.td.*)
 *(.rela.tdata .rela.tdata.* .rela.gnu.linkonce.td.*)
 *(.rel.tbss .rel.tbss.* .rel.gnu.linkonce.tb.*)
 *(.rela.tbss .rela.tbss.* .rela.gnu.linkonce.tb.*)
 *(.rel.ctors)
 *(.rela.ctors)
 *(.rel.dtors)
 *(.rela.dtors)
 *(.rel.got)
 *(.rela.got)
 *(.rel.sdata .rel.sdata.* .rel.gnu.linkonce.s.*)
 *(.rela.sdata .rela.sdata.* .rela.gnu.linkonce.s.*)
 *(.rel.sbss .rel.sbss.* .rel.gnu.linkonce.sb.*)
 *(.rela.sbss .rela.sbss.* .rela.gnu.linkonce.sb.*)
 *(.rel.sdata2 .rel.sdata2.* .rel.gnu.linkonce.s2.*)
 *(.rela.sdata2 .rela.sdata2.* .rela.gnu.linkonce.s2.*)
 *(.rel.sbss2 .rel.sbss2.* .rel.gnu.linkonce.sb2.*)
 *(.rela.sbss2 .rela.sbss2.* .rela.gnu.linkonce.sb2.*)
 *(.rel.bss .rel.bss.* .rel.gnu.linkonce.b.*)
 *(.rela.bss .rela.bss.* .rela.gnu.linkonce.b.*)
 *(.rel.plt)
 *(.rela.plt)
 *(.rel.dyn)
 *(.init)
 *(.plt)
 *(.text .stub .text.* .gnu.linkonce.t.*)
 .text          0x0000000000010180       0x3c ../MyAlarmClock_bsp//obj/HAL/src/crt0.o
                0x0000000000010180                _start
 .text          0x00000000000101bc      0x64c obj/default/hello_world_small.o
                0x000000000001076c                init_interruptions
 .text.startup  0x0000000000010808       0x1c obj/default/hello_world_small.o
                0x0000000000010808                main
 .text          0x0000000000010824      0x1b4 c:/intelfpga_lite/18.1/nios2eds/bin/gnu/h-x86_64-mingw32/bin/../lib/gcc/nios2-elf/5.3.0/mno-hw-mul\libgcc.a(lib2-divmod.o)
                0x0000000000010824                __divsi3
                0x00000000000108a8                __modsi3
                0x000000000001091c                __udivsi3
                0x0000000000010980                __umodsi3
 .text          0x00000000000109d8       0x28 c:/intelfpga_lite/18.1/nios2eds/bin/gnu/h-x86_64-mingw32/bin/../lib/gcc/nios2-elf/5.3.0/mno-hw-mul\libgcc.a(lib2-mul.o)
                0x00000000000109d8                __mulsi3
 .text          0x0000000000010a00        0x0 c:/intelfpga_lite/18.1/nios2eds/bin/gnu/h-x86_64-mingw32/bin/../lib/gcc/nios2-elf/5.3.0/../../../../../H-x86_64-mingw32/nios2-elf/lib/mno-hw-mul\libsmallc.a(lib_a-puts.o)
 .text._puts_r  0x0000000000010a00       0x80 c:/intelfpga_lite/18.1/nios2eds/bin/gnu/h-x86_64-mingw32/bin/../lib/gcc/nios2-elf/5.3.0/../../../../../H-x86_64-mingw32/nios2-elf/lib/mno-hw-mul\libsmallc.a(lib_a-puts.o)
                0x0000000000010a00                _puts_r
 .text.puts     0x0000000000010a80       0x14 c:/intelfpga_lite/18.1/nios2eds/bin/gnu/h-x86_64-mingw32/bin/../lib/gcc/nios2-elf/5.3.0/../../../../../H-x86_64-mingw32/nios2-elf/lib/mno-hw-mul\libsmallc.a(lib_a-puts.o)
                0x0000000000010a80                puts
 .text          0x0000000000010a94        0x0 c:/intelfpga_lite/18.1/nios2eds/bin/gnu/h-x86_64-mingw32/bin/../lib/gcc/nios2-elf/5.3.0/../../../../../H-x86_64-mingw32/nios2-elf/lib/mno-hw-mul\libsmallc.a(lib_a-strlen.o)
 .text.strlen   0x0000000000010a94       0x1c c:/intelfpga_lite/18.1/nios2eds/bin/gnu/h-x86_64-mingw32/bin/../lib/gcc/nios2-elf/5.3.0/../../../../../H-x86_64-mingw32/nios2-elf/lib/mno-hw-mul\libsmallc.a(lib_a-strlen.o)
                0x0000000000010a94                strlen
 .text          0x0000000000010ab0        0x0 c:/intelfpga_lite/18.1/nios2eds/bin/gnu/h-x86_64-mingw32/bin/../lib/gcc/nios2-elf/5.3.0/../../../../../H-x86_64-mingw32/nios2-elf/lib/mno-hw-mul\libsmallc.a(lib_a-fvwrite_small_dev.o)
 .text.__sfvwrite_small_dev
                0x0000000000010ab0       0xb8 c:/intelfpga_lite/18.1/nios2eds/bin/gnu/h-x86_64-mingw32/bin/../lib/gcc/nios2-elf/5.3.0/../../../../../H-x86_64-mingw32/nios2-elf/lib/mno-hw-mul\libsmallc.a(lib_a-fvwrite_small_dev.o)
                0x0000000000010ab0                __sfvwrite_small_dev
 .text          0x0000000000010b68        0x0 c:/intelfpga_lite/18.1/nios2eds/bin/gnu/h-x86_64-mingw32/bin/../lib/gcc/nios2-elf/5.3.0/../../../../../H-x86_64-mingw32/nios2-elf/lib/mno-hw-mul\libsmallc.a(lib_a-impure.o)
 .text          0x0000000000010b68        0x0 c:/intelfpga_lite/18.1/nios2eds/bin/gnu/h-x86_64-mingw32/bin/../lib/gcc/nios2-elf/5.3.0/../../../../../H-x86_64-mingw32/nios2-elf/lib/mno-hw-mul\libsmallc.a(lib_a-writer.o)
 .text._write_r
                0x0000000000010b68       0x58 c:/intelfpga_lite/18.1/nios2eds/bin/gnu/h-x86_64-mingw32/bin/../lib/gcc/nios2-elf/5.3.0/../../../../../H-x86_64-mingw32/nios2-elf/lib/mno-hw-mul\libsmallc.a(lib_a-writer.o)
                0x0000000000010b68                _write_r
 .text          0x0000000000010bc0        0x0 c:/intelfpga_lite/18.1/nios2eds/bin/gnu/h-x86_64-mingw32/bin/../lib/gcc/nios2-elf/5.3.0/../../../../../H-x86_64-mingw32/nios2-elf/lib/mno-hw-mul\libsmallc.a(lib_a-int_errno.o)
 .text          0x0000000000010bc0       0x8c ../MyAlarmClock_bsp/\libhal_bsp.a(alt_iic.o)
                0x0000000000010bc0                alt_ic_isr_register
                0x0000000000010bc4                alt_ic_irq_enable
                0x0000000000010bfc                alt_ic_irq_disable
                0x0000000000010c34                alt_ic_irq_enabled
 .text          0x0000000000010c4c       0x68 ../MyAlarmClock_bsp/\libhal_bsp.a(alt_iic_isr_register.o)
                0x0000000000010c4c                alt_iic_isr_register
 .text          0x0000000000010cb4        0x0 ../MyAlarmClock_bsp/\libhal_bsp.a(alt_irq_entry.o)
 .text          0x0000000000010cb4        0x0 ../MyAlarmClock_bsp/\libhal_bsp.a(alt_irq_handler.o)
 .text          0x0000000000010cb4        0x0 ../MyAlarmClock_bsp/\libhal_bsp.a(alt_irq_vars.o)
 .text          0x0000000000010cb4       0xe0 ../MyAlarmClock_bsp/\libhal_bsp.a(alt_load.o)
                0x0000000000010cb4                alt_load
 .text          0x0000000000010d94       0x2c ../MyAlarmClock_bsp/\libhal_bsp.a(alt_main.o)
                0x0000000000010d94                alt_main
 .text          0x0000000000010dc0       0x60 ../MyAlarmClock_bsp/\libhal_bsp.a(alt_write.o)
                0x0000000000010dc0                write
 .text          0x0000000000010e20       0x24 ../MyAlarmClock_bsp/\libhal_bsp.a(alt_sys_init.o)
                0x0000000000010e20                alt_irq_init
                0x0000000000010e40                alt_sys_init
 .text          0x0000000000010e44       0x34 ../MyAlarmClock_bsp/\libhal_bsp.a(altera_avalon_jtag_uart_write.o)
                0x0000000000010e44                altera_avalon_jtag_uart_write
 .text          0x0000000000010e78        0x4 ../MyAlarmClock_bsp/\libhal_bsp.a(alt_dcache_flush_all.o)
                0x0000000000010e78                alt_dcache_flush_all
 .text          0x0000000000010e7c        0x0 ../MyAlarmClock_bsp/\libhal_bsp.a(alt_errno.o)
 .text          0x0000000000010e7c        0x0 ../MyAlarmClock_bsp/\libhal_bsp.a(alt_exception_entry.o)
 .text          0x0000000000010e7c        0x4 ../MyAlarmClock_bsp/\libhal_bsp.a(alt_icache_flush_all.o)
                0x0000000000010e7c                alt_icache_flush_all
 .text          0x0000000000010e80       0x74 ../MyAlarmClock_bsp/\libhal_bsp.a(alt_instruction_exception_entry.o)
                0x0000000000010e80                alt_exception_cause_generated_bad_addr
 .text          0x0000000000010ef4        0x8 ../MyAlarmClock_bsp/\libhal_bsp.a(altera_nios2_gen2_irq.o)
                0x0000000000010ef4                altera_nios2_gen2_irq_init
 *(.gnu.warning.*)
 *(.fini)
                [!provide]                        PROVIDE (__etext, ABSOLUTE (.))
                [!provide]                        PROVIDE (_etext, ABSOLUTE (.))
                [!provide]                        PROVIDE (etext, ABSOLUTE (.))
 *(.eh_frame_hdr)
                0x0000000000010efc                . = ALIGN (0x4)
                [!provide]                        PROVIDE (__preinit_array_start, ABSOLUTE (.))
 *(.preinit_array)
                [!provide]                        PROVIDE (__preinit_array_end, ABSOLUTE (.))
                [!provide]                        PROVIDE (__init_array_start, ABSOLUTE (.))
 *(.init_array)
                [!provide]                        PROVIDE (__init_array_end, ABSOLUTE (.))
                [!provide]                        PROVIDE (__fini_array_start, ABSOLUTE (.))
 *(.fini_array)
                [!provide]                        PROVIDE (__fini_array_end, ABSOLUTE (.))
 *(.eh_frame)
 *(.gcc_except_table .gcc_except_table.*)
 *(.dynamic)
                [!provide]                        PROVIDE (__CTOR_LIST__, ABSOLUTE (.))
 *(.ctors)
 *(SORT(.ctors.*))
                [!provide]                        PROVIDE (__CTOR_END__, ABSOLUTE (.))
                [!provide]                        PROVIDE (__DTOR_LIST__, ABSOLUTE (.))
 *(.dtors)
 *(SORT(.dtors.*))
                [!provide]                        PROVIDE (__DTOR_END__, ABSOLUTE (.))
 *(.jcr)
                0x0000000000010efc                . = ALIGN (0x4)

.rodata         0x0000000000010efc       0x18
                0x0000000000010efc                PROVIDE (__ram_rodata_start, ABSOLUTE (.))
                0x0000000000010efc                . = ALIGN (0x4)
 *(.rodata .rodata.* .gnu.linkonce.r.*)
 .rodata.str1.4
                0x0000000000010efc       0x14 obj/default/hello_world_small.o
 .rodata.str1.4
                0x0000000000010f10        0x4 c:/intelfpga_lite/18.1/nios2eds/bin/gnu/h-x86_64-mingw32/bin/../lib/gcc/nios2-elf/5.3.0/../../../../../H-x86_64-mingw32/nios2-elf/lib/mno-hw-mul\libsmallc.a(lib_a-puts.o)
                                          0x2 (size before relaxing)
 *(.rodata1)
                0x0000000000010f14                . = ALIGN (0x4)
                0x0000000000010f14                PROVIDE (__ram_rodata_end, ABSOLUTE (.))
                0x0000000000010efc                PROVIDE (__flash_rodata_start, LOADADDR (.rodata))

.rwdata         0x0000000000010f14      0x144 load address 0x0000000000011058
                0x0000000000010f14                PROVIDE (__ram_rwdata_start, ABSOLUTE (.))
                0x0000000000010f14                . = ALIGN (0x4)
 *(.got.plt)
 *(.got)
 *(.data1)
 *(.data .data.* .gnu.linkonce.d.*)
 .data          0x0000000000010f14        0x0 ../MyAlarmClock_bsp//obj/HAL/src/crt0.o
 .data          0x0000000000010f14       0x28 obj/default/hello_world_small.o
                0x0000000000010f14                Display
 .data          0x0000000000010f3c        0x0 c:/intelfpga_lite/18.1/nios2eds/bin/gnu/h-x86_64-mingw32/bin/../lib/gcc/nios2-elf/5.3.0/mno-hw-mul\libgcc.a(lib2-divmod.o)
 .data          0x0000000000010f3c        0x0 c:/intelfpga_lite/18.1/nios2eds/bin/gnu/h-x86_64-mingw32/bin/../lib/gcc/nios2-elf/5.3.0/mno-hw-mul\libgcc.a(lib2-mul.o)
 .data          0x0000000000010f3c        0x0 c:/intelfpga_lite/18.1/nios2eds/bin/gnu/h-x86_64-mingw32/bin/../lib/gcc/nios2-elf/5.3.0/../../../../../H-x86_64-mingw32/nios2-elf/lib/mno-hw-mul\libsmallc.a(lib_a-puts.o)
 .data          0x0000000000010f3c        0x0 c:/intelfpga_lite/18.1/nios2eds/bin/gnu/h-x86_64-mingw32/bin/../lib/gcc/nios2-elf/5.3.0/../../../../../H-x86_64-mingw32/nios2-elf/lib/mno-hw-mul\libsmallc.a(lib_a-strlen.o)
 .data          0x0000000000010f3c        0x0 c:/intelfpga_lite/18.1/nios2eds/bin/gnu/h-x86_64-mingw32/bin/../lib/gcc/nios2-elf/5.3.0/../../../../../H-x86_64-mingw32/nios2-elf/lib/mno-hw-mul\libsmallc.a(lib_a-fvwrite_small_dev.o)
 .data          0x0000000000010f3c        0x0 c:/intelfpga_lite/18.1/nios2eds/bin/gnu/h-x86_64-mingw32/bin/../lib/gcc/nios2-elf/5.3.0/../../../../../H-x86_64-mingw32/nios2-elf/lib/mno-hw-mul\libsmallc.a(lib_a-impure.o)
 .data.impure_data
                0x0000000000010f3c       0xe0 c:/intelfpga_lite/18.1/nios2eds/bin/gnu/h-x86_64-mingw32/bin/../lib/gcc/nios2-elf/5.3.0/../../../../../H-x86_64-mingw32/nios2-elf/lib/mno-hw-mul\libsmallc.a(lib_a-impure.o)
 .data          0x000000000001101c        0x0 c:/intelfpga_lite/18.1/nios2eds/bin/gnu/h-x86_64-mingw32/bin/../lib/gcc/nios2-elf/5.3.0/../../../../../H-x86_64-mingw32/nios2-elf/lib/mno-hw-mul\libsmallc.a(lib_a-writer.o)
 .data          0x000000000001101c        0x0 c:/intelfpga_lite/18.1/nios2eds/bin/gnu/h-x86_64-mingw32/bin/../lib/gcc/nios2-elf/5.3.0/../../../../../H-x86_64-mingw32/nios2-elf/lib/mno-hw-mul\libsmallc.a(lib_a-int_errno.o)
 .data          0x000000000001101c        0x0 ../MyAlarmClock_bsp/\libhal_bsp.a(alt_iic.o)
 .data          0x000000000001101c        0x0 ../MyAlarmClock_bsp/\libhal_bsp.a(alt_iic_isr_register.o)
 .data          0x000000000001101c        0x0 ../MyAlarmClock_bsp/\libhal_bsp.a(alt_irq_entry.o)
 .data          0x000000000001101c        0x0 ../MyAlarmClock_bsp/\libhal_bsp.a(alt_irq_handler.o)
 .data          0x000000000001101c        0x0 ../MyAlarmClock_bsp/\libhal_bsp.a(alt_irq_vars.o)
 .data          0x000000000001101c        0x0 ../MyAlarmClock_bsp/\libhal_bsp.a(alt_load.o)
 .data          0x000000000001101c        0x0 ../MyAlarmClock_bsp/\libhal_bsp.a(alt_main.o)
 .data          0x000000000001101c        0x0 ../MyAlarmClock_bsp/\libhal_bsp.a(alt_write.o)
 .data          0x000000000001101c        0x0 ../MyAlarmClock_bsp/\libhal_bsp.a(alt_sys_init.o)
 .data          0x000000000001101c        0x0 ../MyAlarmClock_bsp/\libhal_bsp.a(altera_avalon_jtag_uart_write.o)
 .data          0x000000000001101c        0x0 ../MyAlarmClock_bsp/\libhal_bsp.a(alt_dcache_flush_all.o)
 .data          0x000000000001101c        0x0 ../MyAlarmClock_bsp/\libhal_bsp.a(alt_errno.o)
 .data          0x000000000001101c        0x0 ../MyAlarmClock_bsp/\libhal_bsp.a(alt_exception_entry.o)
 .data          0x000000000001101c        0x0 ../MyAlarmClock_bsp/\libhal_bsp.a(alt_icache_flush_all.o)
 .data          0x000000000001101c        0x0 ../MyAlarmClock_bsp/\libhal_bsp.a(alt_instruction_exception_entry.o)
 .data          0x000000000001101c        0x0 ../MyAlarmClock_bsp/\libhal_bsp.a(altera_nios2_gen2_irq.o)
                0x000000000001901c                _gp = ABSOLUTE ((. + 0x8000))
                [!provide]                        PROVIDE (gp, _gp)
 *(.rwdata .rwdata.*)
 *(.sdata .sdata.* .gnu.linkonce.s.*)
 .sdata         0x000000000001101c       0x28 obj/default/hello_world_small.o
                0x0000000000011038                leds
                0x000000000001103c                buttons
                0x0000000000011040                switches
 .sdata._global_impure_ptr
                0x0000000000011044        0x4 c:/intelfpga_lite/18.1/nios2eds/bin/gnu/h-x86_64-mingw32/bin/../lib/gcc/nios2-elf/5.3.0/../../../../../H-x86_64-mingw32/nios2-elf/lib/mno-hw-mul\libsmallc.a(lib_a-impure.o)
                0x0000000000011044                _global_impure_ptr
 .sdata._impure_ptr
                0x0000000000011048        0x4 c:/intelfpga_lite/18.1/nios2eds/bin/gnu/h-x86_64-mingw32/bin/../lib/gcc/nios2-elf/5.3.0/../../../../../H-x86_64-mingw32/nios2-elf/lib/mno-hw-mul\libsmallc.a(lib_a-impure.o)
                0x0000000000011048                _impure_ptr
 .sdata         0x000000000001104c        0x4 ../MyAlarmClock_bsp/\libhal_bsp.a(alt_irq_vars.o)
                0x000000000001104c                alt_priority_mask
 .sdata         0x0000000000011050        0x4 ../MyAlarmClock_bsp/\libhal_bsp.a(alt_sys_init.o)
                0x0000000000011050                jtag
 .sdata         0x0000000000011054        0x4 ../MyAlarmClock_bsp/\libhal_bsp.a(alt_errno.o)
                0x0000000000011054                alt_errno
 *(.sdata2 .sdata2.* .gnu.linkonce.s2.*)
                0x0000000000011058                . = ALIGN (0x4)
                0x0000000000011058                _edata = ABSOLUTE (.)
                [!provide]                        PROVIDE (edata, ABSOLUTE (.))
                0x0000000000011058                PROVIDE (__ram_rwdata_end, ABSOLUTE (.))
                0x0000000000011058                PROVIDE (__flash_rwdata_start, LOADADDR (.rwdata))

.bss            0x000000000001119c      0x124
                0x000000000001119c                __bss_start = ABSOLUTE (.)
                [!provide]                        PROVIDE (__sbss_start, ABSOLUTE (.))
                [!provide]                        PROVIDE (___sbss_start, ABSOLUTE (.))
 *(.dynsbss)
 *(.sbss .sbss.* .gnu.linkonce.sb.*)
 .sbss          0x000000000001119c        0xc obj/default/hello_world_small.o
                0x00000000000111a0                alarm_en
                0x00000000000111a1                alarm_on
                0x00000000000111a2                alarm_mod
                0x00000000000111a3                time_mod
 .sbss          0x00000000000111a8        0x4 c:/intelfpga_lite/18.1/nios2eds/bin/gnu/h-x86_64-mingw32/bin/../lib/gcc/nios2-elf/5.3.0/../../../../../H-x86_64-mingw32/nios2-elf/lib/mno-hw-mul\libsmallc.a(lib_a-int_errno.o)
                0x00000000000111a8                errno
 .sbss          0x00000000000111ac        0x4 ../MyAlarmClock_bsp/\libhal_bsp.a(alt_irq_vars.o)
                0x00000000000111ac                alt_irq_active
 .sbss          0x00000000000111b0        0xc ../MyAlarmClock_bsp/\libhal_bsp.a(alt_main.o)
                0x00000000000111b0                alt_envp
                0x00000000000111b4                alt_argv
                0x00000000000111b8                alt_argc
 .sbss          0x00000000000111bc        0x4 ../MyAlarmClock_bsp/\libhal_bsp.a(alt_instruction_exception_entry.o)
                0x00000000000111bc                alt_instruction_exception_handler
 *(.sbss2 .sbss2.* .gnu.linkonce.sb2.*)
 *(.scommon)
                [!provide]                        PROVIDE (__sbss_end, ABSOLUTE (.))
                [!provide]                        PROVIDE (___sbss_end, ABSOLUTE (.))
 *(.dynbss)
 *(.bss .bss.* .gnu.linkonce.b.*)
 .bss           0x00000000000111c0        0x0 ../MyAlarmClock_bsp//obj/HAL/src/crt0.o
 .bss           0x00000000000111c0        0x0 obj/default/hello_world_small.o
 .bss           0x00000000000111c0        0x0 c:/intelfpga_lite/18.1/nios2eds/bin/gnu/h-x86_64-mingw32/bin/../lib/gcc/nios2-elf/5.3.0/mno-hw-mul\libgcc.a(lib2-divmod.o)
 .bss           0x00000000000111c0        0x0 c:/intelfpga_lite/18.1/nios2eds/bin/gnu/h-x86_64-mingw32/bin/../lib/gcc/nios2-elf/5.3.0/mno-hw-mul\libgcc.a(lib2-mul.o)
 .bss           0x00000000000111c0        0x0 c:/intelfpga_lite/18.1/nios2eds/bin/gnu/h-x86_64-mingw32/bin/../lib/gcc/nios2-elf/5.3.0/../../../../../H-x86_64-mingw32/nios2-elf/lib/mno-hw-mul\libsmallc.a(lib_a-puts.o)
 .bss           0x00000000000111c0        0x0 c:/intelfpga_lite/18.1/nios2eds/bin/gnu/h-x86_64-mingw32/bin/../lib/gcc/nios2-elf/5.3.0/../../../../../H-x86_64-mingw32/nios2-elf/lib/mno-hw-mul\libsmallc.a(lib_a-strlen.o)
 .bss           0x00000000000111c0        0x0 c:/intelfpga_lite/18.1/nios2eds/bin/gnu/h-x86_64-mingw32/bin/../lib/gcc/nios2-elf/5.3.0/../../../../../H-x86_64-mingw32/nios2-elf/lib/mno-hw-mul\libsmallc.a(lib_a-fvwrite_small_dev.o)
 .bss           0x00000000000111c0        0x0 c:/intelfpga_lite/18.1/nios2eds/bin/gnu/h-x86_64-mingw32/bin/../lib/gcc/nios2-elf/5.3.0/../../../../../H-x86_64-mingw32/nios2-elf/lib/mno-hw-mul\libsmallc.a(lib_a-impure.o)
 .bss           0x00000000000111c0        0x0 c:/intelfpga_lite/18.1/nios2eds/bin/gnu/h-x86_64-mingw32/bin/../lib/gcc/nios2-elf/5.3.0/../../../../../H-x86_64-mingw32/nios2-elf/lib/mno-hw-mul\libsmallc.a(lib_a-writer.o)
 .bss           0x00000000000111c0        0x0 c:/intelfpga_lite/18.1/nios2eds/bin/gnu/h-x86_64-mingw32/bin/../lib/gcc/nios2-elf/5.3.0/../../../../../H-x86_64-mingw32/nios2-elf/lib/mno-hw-mul\libsmallc.a(lib_a-int_errno.o)
 .bss           0x00000000000111c0        0x0 ../MyAlarmClock_bsp/\libhal_bsp.a(alt_iic.o)
 .bss           0x00000000000111c0        0x0 ../MyAlarmClock_bsp/\libhal_bsp.a(alt_iic_isr_register.o)
 .bss           0x00000000000111c0        0x0 ../MyAlarmClock_bsp/\libhal_bsp.a(alt_irq_entry.o)
 .bss           0x00000000000111c0        0x0 ../MyAlarmClock_bsp/\libhal_bsp.a(alt_irq_handler.o)
 .bss           0x00000000000111c0        0x0 ../MyAlarmClock_bsp/\libhal_bsp.a(alt_irq_vars.o)
 .bss           0x00000000000111c0        0x0 ../MyAlarmClock_bsp/\libhal_bsp.a(alt_load.o)
 .bss           0x00000000000111c0        0x0 ../MyAlarmClock_bsp/\libhal_bsp.a(alt_main.o)
 .bss           0x00000000000111c0        0x0 ../MyAlarmClock_bsp/\libhal_bsp.a(alt_write.o)
 .bss           0x00000000000111c0        0x0 ../MyAlarmClock_bsp/\libhal_bsp.a(alt_sys_init.o)
 .bss           0x00000000000111c0        0x0 ../MyAlarmClock_bsp/\libhal_bsp.a(altera_avalon_jtag_uart_write.o)
 .bss           0x00000000000111c0        0x0 ../MyAlarmClock_bsp/\libhal_bsp.a(alt_dcache_flush_all.o)
 .bss           0x00000000000111c0        0x0 ../MyAlarmClock_bsp/\libhal_bsp.a(alt_errno.o)
 .bss           0x00000000000111c0        0x0 ../MyAlarmClock_bsp/\libhal_bsp.a(alt_exception_entry.o)
 .bss           0x00000000000111c0        0x0 ../MyAlarmClock_bsp/\libhal_bsp.a(alt_icache_flush_all.o)
 .bss           0x00000000000111c0        0x0 ../MyAlarmClock_bsp/\libhal_bsp.a(alt_instruction_exception_entry.o)
 .bss           0x00000000000111c0        0x0 ../MyAlarmClock_bsp/\libhal_bsp.a(altera_nios2_gen2_irq.o)
 *(COMMON)
 COMMON         0x00000000000111c0      0x100 ../MyAlarmClock_bsp/\libhal_bsp.a(alt_irq_handler.o)
                0x00000000000111c0                alt_irq
                0x00000000000112c0                . = ALIGN (0x4)
                0x00000000000112c0                __bss_end = ABSOLUTE (.)

.memory         0x00000000000112c0        0x0
                [!provide]                        PROVIDE (_alt_partition_memory_start, ABSOLUTE (.))
 *(.memory .memory. memory.*)
                0x00000000000112c0                . = ALIGN (0x4)
                [!provide]                        PROVIDE (_alt_partition_memory_end, ABSOLUTE (.))
                0x00000000000112c0                _end = ABSOLUTE (.)
                0x00000000000112c0                end = ABSOLUTE (.)
                0x00000000000112c0                __alt_stack_base = ABSOLUTE (.)
                [!provide]                        PROVIDE (_alt_partition_memory_load_addr, LOADADDR (.memory))

.stab
 *(.stab)

.stabstr
 *(.stabstr)

.stab.excl
 *(.stab.excl)

.stab.exclstr
 *(.stab.exclstr)

.stab.index
 *(.stab.index)

.stab.indexstr
 *(.stab.indexstr)

.comment        0x0000000000000000       0x23
 *(.comment)
 .comment       0x0000000000000000       0x23 obj/default/hello_world_small.o
                                         0x24 (size before relaxing)
 .comment       0x0000000000000023       0x24 c:/intelfpga_lite/18.1/nios2eds/bin/gnu/h-x86_64-mingw32/bin/../lib/gcc/nios2-elf/5.3.0/mno-hw-mul\libgcc.a(lib2-divmod.o)
 .comment       0x0000000000000023       0x24 c:/intelfpga_lite/18.1/nios2eds/bin/gnu/h-x86_64-mingw32/bin/../lib/gcc/nios2-elf/5.3.0/mno-hw-mul\libgcc.a(lib2-mul.o)
 .comment       0x0000000000000023       0x24 c:/intelfpga_lite/18.1/nios2eds/bin/gnu/h-x86_64-mingw32/bin/../lib/gcc/nios2-elf/5.3.0/../../../../../H-x86_64-mingw32/nios2-elf/lib/mno-hw-mul\libsmallc.a(lib_a-puts.o)
 .comment       0x0000000000000023       0x24 c:/intelfpga_lite/18.1/nios2eds/bin/gnu/h-x86_64-mingw32/bin/../lib/gcc/nios2-elf/5.3.0/../../../../../H-x86_64-mingw32/nios2-elf/lib/mno-hw-mul\libsmallc.a(lib_a-strlen.o)
 .comment       0x0000000000000023       0x24 c:/intelfpga_lite/18.1/nios2eds/bin/gnu/h-x86_64-mingw32/bin/../lib/gcc/nios2-elf/5.3.0/../../../../../H-x86_64-mingw32/nios2-elf/lib/mno-hw-mul\libsmallc.a(lib_a-fvwrite_small_dev.o)
 .comment       0x0000000000000023       0x24 c:/intelfpga_lite/18.1/nios2eds/bin/gnu/h-x86_64-mingw32/bin/../lib/gcc/nios2-elf/5.3.0/../../../../../H-x86_64-mingw32/nios2-elf/lib/mno-hw-mul\libsmallc.a(lib_a-impure.o)
 .comment       0x0000000000000023       0x24 c:/intelfpga_lite/18.1/nios2eds/bin/gnu/h-x86_64-mingw32/bin/../lib/gcc/nios2-elf/5.3.0/../../../../../H-x86_64-mingw32/nios2-elf/lib/mno-hw-mul\libsmallc.a(lib_a-writer.o)
 .comment       0x0000000000000023       0x24 c:/intelfpga_lite/18.1/nios2eds/bin/gnu/h-x86_64-mingw32/bin/../lib/gcc/nios2-elf/5.3.0/../../../../../H-x86_64-mingw32/nios2-elf/lib/mno-hw-mul\libsmallc.a(lib_a-int_errno.o)
 .comment       0x0000000000000023       0x24 ../MyAlarmClock_bsp/\libhal_bsp.a(alt_iic.o)
 .comment       0x0000000000000023       0x24 ../MyAlarmClock_bsp/\libhal_bsp.a(alt_iic_isr_register.o)
 .comment       0x0000000000000023       0x24 ../MyAlarmClock_bsp/\libhal_bsp.a(alt_irq_handler.o)
 .comment       0x0000000000000023       0x24 ../MyAlarmClock_bsp/\libhal_bsp.a(alt_irq_vars.o)
 .comment       0x0000000000000023       0x24 ../MyAlarmClock_bsp/\libhal_bsp.a(alt_load.o)
 .comment       0x0000000000000023       0x24 ../MyAlarmClock_bsp/\libhal_bsp.a(alt_main.o)
 .comment       0x0000000000000023       0x24 ../MyAlarmClock_bsp/\libhal_bsp.a(alt_write.o)
 .comment       0x0000000000000023       0x24 ../MyAlarmClock_bsp/\libhal_bsp.a(alt_sys_init.o)
 .comment       0x0000000000000023       0x24 ../MyAlarmClock_bsp/\libhal_bsp.a(altera_avalon_jtag_uart_write.o)
 .comment       0x0000000000000023       0x24 ../MyAlarmClock_bsp/\libhal_bsp.a(alt_dcache_flush_all.o)
 .comment       0x0000000000000023       0x24 ../MyAlarmClock_bsp/\libhal_bsp.a(alt_errno.o)
 .comment       0x0000000000000023       0x24 ../MyAlarmClock_bsp/\libhal_bsp.a(alt_icache_flush_all.o)
 .comment       0x0000000000000023       0x24 ../MyAlarmClock_bsp/\libhal_bsp.a(alt_instruction_exception_entry.o)
 .comment       0x0000000000000023       0x24 ../MyAlarmClock_bsp/\libhal_bsp.a(altera_nios2_gen2_irq.o)

.debug
 *(.debug)

.line
 *(.line)

.debug_srcinfo
 *(.debug_srcinfo)

.debug_sfnames
 *(.debug_sfnames)

.debug_aranges  0x0000000000000000      0x368
 *(.debug_aranges)
 .debug_aranges
                0x0000000000000000       0x28 ../MyAlarmClock_bsp//obj/HAL/src/crt0.o
 .debug_aranges
                0x0000000000000028       0x28 obj/default/hello_world_small.o
 .debug_aranges
                0x0000000000000050       0x20 c:/intelfpga_lite/18.1/nios2eds/bin/gnu/h-x86_64-mingw32/bin/../lib/gcc/nios2-elf/5.3.0/mno-hw-mul\libgcc.a(lib2-divmod.o)
 .debug_aranges
                0x0000000000000070       0x20 c:/intelfpga_lite/18.1/nios2eds/bin/gnu/h-x86_64-mingw32/bin/../lib/gcc/nios2-elf/5.3.0/mno-hw-mul\libgcc.a(lib2-mul.o)
 .debug_aranges
                0x0000000000000090       0x28 c:/intelfpga_lite/18.1/nios2eds/bin/gnu/h-x86_64-mingw32/bin/../lib/gcc/nios2-elf/5.3.0/../../../../../H-x86_64-mingw32/nios2-elf/lib/mno-hw-mul\libsmallc.a(lib_a-puts.o)
 .debug_aranges
                0x00000000000000b8       0x20 c:/intelfpga_lite/18.1/nios2eds/bin/gnu/h-x86_64-mingw32/bin/../lib/gcc/nios2-elf/5.3.0/../../../../../H-x86_64-mingw32/nios2-elf/lib/mno-hw-mul\libsmallc.a(lib_a-strlen.o)
 .debug_aranges
                0x00000000000000d8       0x20 c:/intelfpga_lite/18.1/nios2eds/bin/gnu/h-x86_64-mingw32/bin/../lib/gcc/nios2-elf/5.3.0/../../../../../H-x86_64-mingw32/nios2-elf/lib/mno-hw-mul\libsmallc.a(lib_a-fvwrite_small_dev.o)
 .debug_aranges
                0x00000000000000f8       0x18 c:/intelfpga_lite/18.1/nios2eds/bin/gnu/h-x86_64-mingw32/bin/../lib/gcc/nios2-elf/5.3.0/../../../../../H-x86_64-mingw32/nios2-elf/lib/mno-hw-mul\libsmallc.a(lib_a-impure.o)
 .debug_aranges
                0x0000000000000110       0x20 c:/intelfpga_lite/18.1/nios2eds/bin/gnu/h-x86_64-mingw32/bin/../lib/gcc/nios2-elf/5.3.0/../../../../../H-x86_64-mingw32/nios2-elf/lib/mno-hw-mul\libsmallc.a(lib_a-writer.o)
 .debug_aranges
                0x0000000000000130       0x18 c:/intelfpga_lite/18.1/nios2eds/bin/gnu/h-x86_64-mingw32/bin/../lib/gcc/nios2-elf/5.3.0/../../../../../H-x86_64-mingw32/nios2-elf/lib/mno-hw-mul\libsmallc.a(lib_a-int_errno.o)
 .debug_aranges
                0x0000000000000148       0x20 ../MyAlarmClock_bsp/\libhal_bsp.a(alt_iic.o)
 .debug_aranges
                0x0000000000000168       0x20 ../MyAlarmClock_bsp/\libhal_bsp.a(alt_iic_isr_register.o)
 .debug_aranges
                0x0000000000000188       0x30 ../MyAlarmClock_bsp/\libhal_bsp.a(alt_irq_entry.o)
 .debug_aranges
                0x00000000000001b8       0x20 ../MyAlarmClock_bsp/\libhal_bsp.a(alt_irq_handler.o)
 .debug_aranges
                0x00000000000001d8       0x18 ../MyAlarmClock_bsp/\libhal_bsp.a(alt_irq_vars.o)
 .debug_aranges
                0x00000000000001f0       0x20 ../MyAlarmClock_bsp/\libhal_bsp.a(alt_load.o)
 .debug_aranges
                0x0000000000000210       0x20 ../MyAlarmClock_bsp/\libhal_bsp.a(alt_main.o)
 .debug_aranges
                0x0000000000000230       0x20 ../MyAlarmClock_bsp/\libhal_bsp.a(alt_write.o)
 .debug_aranges
                0x0000000000000250       0x20 ../MyAlarmClock_bsp/\libhal_bsp.a(alt_sys_init.o)
 .debug_aranges
                0x0000000000000270       0x20 ../MyAlarmClock_bsp/\libhal_bsp.a(altera_avalon_jtag_uart_write.o)
 .debug_aranges
                0x0000000000000290       0x20 ../MyAlarmClock_bsp/\libhal_bsp.a(alt_dcache_flush_all.o)
 .debug_aranges
                0x00000000000002b0       0x18 ../MyAlarmClock_bsp/\libhal_bsp.a(alt_errno.o)
 .debug_aranges
                0x00000000000002c8       0x38 ../MyAlarmClock_bsp/\libhal_bsp.a(alt_exception_entry.o)
 .debug_aranges
                0x0000000000000300       0x20 ../MyAlarmClock_bsp/\libhal_bsp.a(alt_icache_flush_all.o)
 .debug_aranges
                0x0000000000000320       0x28 ../MyAlarmClock_bsp/\libhal_bsp.a(alt_instruction_exception_entry.o)
 .debug_aranges
                0x0000000000000348       0x20 ../MyAlarmClock_bsp/\libhal_bsp.a(altera_nios2_gen2_irq.o)

.debug_pubnames
 *(.debug_pubnames)

.debug_info     0x0000000000000000     0x3741
 *(.debug_info .gnu.linkonce.wi.*)
 .debug_info    0x0000000000000000       0x89 ../MyAlarmClock_bsp//obj/HAL/src/crt0.o
 .debug_info    0x0000000000000089      0x402 obj/default/hello_world_small.o
 .debug_info    0x000000000000048b      0x2c6 c:/intelfpga_lite/18.1/nios2eds/bin/gnu/h-x86_64-mingw32/bin/../lib/gcc/nios2-elf/5.3.0/mno-hw-mul\libgcc.a(lib2-divmod.o)
 .debug_info    0x0000000000000751       0xb4 c:/intelfpga_lite/18.1/nios2eds/bin/gnu/h-x86_64-mingw32/bin/../lib/gcc/nios2-elf/5.3.0/mno-hw-mul\libgcc.a(lib2-mul.o)
 .debug_info    0x0000000000000805      0x66d c:/intelfpga_lite/18.1/nios2eds/bin/gnu/h-x86_64-mingw32/bin/../lib/gcc/nios2-elf/5.3.0/../../../../../H-x86_64-mingw32/nios2-elf/lib/mno-hw-mul\libsmallc.a(lib_a-puts.o)
 .debug_info    0x0000000000000e72       0xc9 c:/intelfpga_lite/18.1/nios2eds/bin/gnu/h-x86_64-mingw32/bin/../lib/gcc/nios2-elf/5.3.0/../../../../../H-x86_64-mingw32/nios2-elf/lib/mno-hw-mul\libsmallc.a(lib_a-strlen.o)
 .debug_info    0x0000000000000f3b      0x62b c:/intelfpga_lite/18.1/nios2eds/bin/gnu/h-x86_64-mingw32/bin/../lib/gcc/nios2-elf/5.3.0/../../../../../H-x86_64-mingw32/nios2-elf/lib/mno-hw-mul\libsmallc.a(lib_a-fvwrite_small_dev.o)
 .debug_info    0x0000000000001566      0x5a9 c:/intelfpga_lite/18.1/nios2eds/bin/gnu/h-x86_64-mingw32/bin/../lib/gcc/nios2-elf/5.3.0/../../../../../H-x86_64-mingw32/nios2-elf/lib/mno-hw-mul\libsmallc.a(lib_a-impure.o)
 .debug_info    0x0000000000001b0f      0x630 c:/intelfpga_lite/18.1/nios2eds/bin/gnu/h-x86_64-mingw32/bin/../lib/gcc/nios2-elf/5.3.0/../../../../../H-x86_64-mingw32/nios2-elf/lib/mno-hw-mul\libsmallc.a(lib_a-writer.o)
 .debug_info    0x000000000000213f       0x8a c:/intelfpga_lite/18.1/nios2eds/bin/gnu/h-x86_64-mingw32/bin/../lib/gcc/nios2-elf/5.3.0/../../../../../H-x86_64-mingw32/nios2-elf/lib/mno-hw-mul\libsmallc.a(lib_a-int_errno.o)
 .debug_info    0x00000000000021c9      0x38a ../MyAlarmClock_bsp/\libhal_bsp.a(alt_iic.o)
 .debug_info    0x0000000000002553      0x232 ../MyAlarmClock_bsp/\libhal_bsp.a(alt_iic_isr_register.o)
 .debug_info    0x0000000000002785       0x92 ../MyAlarmClock_bsp/\libhal_bsp.a(alt_irq_entry.o)
 .debug_info    0x0000000000002817      0x184 ../MyAlarmClock_bsp/\libhal_bsp.a(alt_irq_handler.o)
 .debug_info    0x000000000000299b       0x88 ../MyAlarmClock_bsp/\libhal_bsp.a(alt_irq_vars.o)
 .debug_info    0x0000000000002a23      0x1c9 ../MyAlarmClock_bsp/\libhal_bsp.a(alt_load.o)
 .debug_info    0x0000000000002bec      0x169 ../MyAlarmClock_bsp/\libhal_bsp.a(alt_main.o)
 .debug_info    0x0000000000002d55      0x1c7 ../MyAlarmClock_bsp/\libhal_bsp.a(alt_write.o)
 .debug_info    0x0000000000002f1c      0x19d ../MyAlarmClock_bsp/\libhal_bsp.a(alt_sys_init.o)
 .debug_info    0x00000000000030b9      0x197 ../MyAlarmClock_bsp/\libhal_bsp.a(altera_avalon_jtag_uart_write.o)
 .debug_info    0x0000000000003250       0x92 ../MyAlarmClock_bsp/\libhal_bsp.a(alt_dcache_flush_all.o)
 .debug_info    0x00000000000032e2       0xa6 ../MyAlarmClock_bsp/\libhal_bsp.a(alt_errno.o)
 .debug_info    0x0000000000003388       0x98 ../MyAlarmClock_bsp/\libhal_bsp.a(alt_exception_entry.o)
 .debug_info    0x0000000000003420       0x92 ../MyAlarmClock_bsp/\libhal_bsp.a(alt_icache_flush_all.o)
 .debug_info    0x00000000000034b2      0x1fd ../MyAlarmClock_bsp/\libhal_bsp.a(alt_instruction_exception_entry.o)
 .debug_info    0x00000000000036af       0x92 ../MyAlarmClock_bsp/\libhal_bsp.a(altera_nios2_gen2_irq.o)

.debug_abbrev   0x0000000000000000     0x1627
 *(.debug_abbrev)
 .debug_abbrev  0x0000000000000000       0x12 ../MyAlarmClock_bsp//obj/HAL/src/crt0.o
 .debug_abbrev  0x0000000000000012      0x1c2 obj/default/hello_world_small.o
 .debug_abbrev  0x00000000000001d4      0x10e c:/intelfpga_lite/18.1/nios2eds/bin/gnu/h-x86_64-mingw32/bin/../lib/gcc/nios2-elf/5.3.0/mno-hw-mul\libgcc.a(lib2-divmod.o)
 .debug_abbrev  0x00000000000002e2       0x6f c:/intelfpga_lite/18.1/nios2eds/bin/gnu/h-x86_64-mingw32/bin/../lib/gcc/nios2-elf/5.3.0/mno-hw-mul\libgcc.a(lib2-mul.o)
 .debug_abbrev  0x0000000000000351      0x1d6 c:/intelfpga_lite/18.1/nios2eds/bin/gnu/h-x86_64-mingw32/bin/../lib/gcc/nios2-elf/5.3.0/../../../../../H-x86_64-mingw32/nios2-elf/lib/mno-hw-mul\libsmallc.a(lib_a-puts.o)
 .debug_abbrev  0x0000000000000527       0x7f c:/intelfpga_lite/18.1/nios2eds/bin/gnu/h-x86_64-mingw32/bin/../lib/gcc/nios2-elf/5.3.0/../../../../../H-x86_64-mingw32/nios2-elf/lib/mno-hw-mul\libsmallc.a(lib_a-strlen.o)
 .debug_abbrev  0x00000000000005a6      0x1bc c:/intelfpga_lite/18.1/nios2eds/bin/gnu/h-x86_64-mingw32/bin/../lib/gcc/nios2-elf/5.3.0/../../../../../H-x86_64-mingw32/nios2-elf/lib/mno-hw-mul\libsmallc.a(lib_a-fvwrite_small_dev.o)
 .debug_abbrev  0x0000000000000762      0x14a c:/intelfpga_lite/18.1/nios2eds/bin/gnu/h-x86_64-mingw32/bin/../lib/gcc/nios2-elf/5.3.0/../../../../../H-x86_64-mingw32/nios2-elf/lib/mno-hw-mul\libsmallc.a(lib_a-impure.o)
 .debug_abbrev  0x00000000000008ac      0x1a6 c:/intelfpga_lite/18.1/nios2eds/bin/gnu/h-x86_64-mingw32/bin/../lib/gcc/nios2-elf/5.3.0/../../../../../H-x86_64-mingw32/nios2-elf/lib/mno-hw-mul\libsmallc.a(lib_a-writer.o)
 .debug_abbrev  0x0000000000000a52       0x37 c:/intelfpga_lite/18.1/nios2eds/bin/gnu/h-x86_64-mingw32/bin/../lib/gcc/nios2-elf/5.3.0/../../../../../H-x86_64-mingw32/nios2-elf/lib/mno-hw-mul\libsmallc.a(lib_a-int_errno.o)
 .debug_abbrev  0x0000000000000a89      0x1a0 ../MyAlarmClock_bsp/\libhal_bsp.a(alt_iic.o)
 .debug_abbrev  0x0000000000000c29      0x19c ../MyAlarmClock_bsp/\libhal_bsp.a(alt_iic_isr_register.o)
 .debug_abbrev  0x0000000000000dc5       0x12 ../MyAlarmClock_bsp/\libhal_bsp.a(alt_irq_entry.o)
 .debug_abbrev  0x0000000000000dd7      0x120 ../MyAlarmClock_bsp/\libhal_bsp.a(alt_irq_handler.o)
 .debug_abbrev  0x0000000000000ef7       0x40 ../MyAlarmClock_bsp/\libhal_bsp.a(alt_irq_vars.o)
 .debug_abbrev  0x0000000000000f37       0xd8 ../MyAlarmClock_bsp/\libhal_bsp.a(alt_load.o)
 .debug_abbrev  0x000000000000100f       0xee ../MyAlarmClock_bsp/\libhal_bsp.a(alt_main.o)
 .debug_abbrev  0x00000000000010fd      0x12e ../MyAlarmClock_bsp/\libhal_bsp.a(alt_write.o)
 .debug_abbrev  0x000000000000122b      0x10e ../MyAlarmClock_bsp/\libhal_bsp.a(alt_sys_init.o)
 .debug_abbrev  0x0000000000001339       0xd5 ../MyAlarmClock_bsp/\libhal_bsp.a(altera_avalon_jtag_uart_write.o)
 .debug_abbrev  0x000000000000140e       0x42 ../MyAlarmClock_bsp/\libhal_bsp.a(alt_dcache_flush_all.o)
 .debug_abbrev  0x0000000000001450       0x5a ../MyAlarmClock_bsp/\libhal_bsp.a(alt_errno.o)
 .debug_abbrev  0x00000000000014aa       0x12 ../MyAlarmClock_bsp/\libhal_bsp.a(alt_exception_entry.o)
 .debug_abbrev  0x00000000000014bc       0x42 ../MyAlarmClock_bsp/\libhal_bsp.a(alt_icache_flush_all.o)
 .debug_abbrev  0x00000000000014fe       0xe7 ../MyAlarmClock_bsp/\libhal_bsp.a(alt_instruction_exception_entry.o)
 .debug_abbrev  0x00000000000015e5       0x42 ../MyAlarmClock_bsp/\libhal_bsp.a(altera_nios2_gen2_irq.o)

.debug_line     0x0000000000000000     0x1707
 *(.debug_line)
 .debug_line    0x0000000000000000       0x66 ../MyAlarmClock_bsp//obj/HAL/src/crt0.o
 .debug_line    0x0000000000000066      0x17d obj/default/hello_world_small.o
 .debug_line    0x00000000000001e3      0x105 c:/intelfpga_lite/18.1/nios2eds/bin/gnu/h-x86_64-mingw32/bin/../lib/gcc/nios2-elf/5.3.0/mno-hw-mul\libgcc.a(lib2-divmod.o)
 .debug_line    0x00000000000002e8       0x80 c:/intelfpga_lite/18.1/nios2eds/bin/gnu/h-x86_64-mingw32/bin/../lib/gcc/nios2-elf/5.3.0/mno-hw-mul\libgcc.a(lib2-mul.o)
 .debug_line    0x0000000000000368      0x206 c:/intelfpga_lite/18.1/nios2eds/bin/gnu/h-x86_64-mingw32/bin/../lib/gcc/nios2-elf/5.3.0/../../../../../H-x86_64-mingw32/nios2-elf/lib/mno-hw-mul\libsmallc.a(lib_a-puts.o)
 .debug_line    0x000000000000056e      0x15c c:/intelfpga_lite/18.1/nios2eds/bin/gnu/h-x86_64-mingw32/bin/../lib/gcc/nios2-elf/5.3.0/../../../../../H-x86_64-mingw32/nios2-elf/lib/mno-hw-mul\libsmallc.a(lib_a-strlen.o)
 .debug_line    0x00000000000006ca      0x1f0 c:/intelfpga_lite/18.1/nios2eds/bin/gnu/h-x86_64-mingw32/bin/../lib/gcc/nios2-elf/5.3.0/../../../../../H-x86_64-mingw32/nios2-elf/lib/mno-hw-mul\libsmallc.a(lib_a-fvwrite_small_dev.o)
 .debug_line    0x00000000000008ba      0x156 c:/intelfpga_lite/18.1/nios2eds/bin/gnu/h-x86_64-mingw32/bin/../lib/gcc/nios2-elf/5.3.0/../../../../../H-x86_64-mingw32/nios2-elf/lib/mno-hw-mul\libsmallc.a(lib_a-impure.o)
 .debug_line    0x0000000000000a10      0x1ed c:/intelfpga_lite/18.1/nios2eds/bin/gnu/h-x86_64-mingw32/bin/../lib/gcc/nios2-elf/5.3.0/../../../../../H-x86_64-mingw32/nios2-elf/lib/mno-hw-mul\libsmallc.a(lib_a-writer.o)
 .debug_line    0x0000000000000bfd       0x5f c:/intelfpga_lite/18.1/nios2eds/bin/gnu/h-x86_64-mingw32/bin/../lib/gcc/nios2-elf/5.3.0/../../../../../H-x86_64-mingw32/nios2-elf/lib/mno-hw-mul\libsmallc.a(lib_a-int_errno.o)
 .debug_line    0x0000000000000c5c       0xf1 ../MyAlarmClock_bsp/\libhal_bsp.a(alt_iic.o)
 .debug_line    0x0000000000000d4d       0xd6 ../MyAlarmClock_bsp/\libhal_bsp.a(alt_iic_isr_register.o)
 .debug_line    0x0000000000000e23       0x6b ../MyAlarmClock_bsp/\libhal_bsp.a(alt_irq_entry.o)
 .debug_line    0x0000000000000e8e       0xa5 ../MyAlarmClock_bsp/\libhal_bsp.a(alt_irq_handler.o)
 .debug_line    0x0000000000000f33       0x50 ../MyAlarmClock_bsp/\libhal_bsp.a(alt_irq_vars.o)
 .debug_line    0x0000000000000f83       0xa4 ../MyAlarmClock_bsp/\libhal_bsp.a(alt_load.o)
 .debug_line    0x0000000000001027       0xbd ../MyAlarmClock_bsp/\libhal_bsp.a(alt_main.o)
 .debug_line    0x00000000000010e4      0x16a ../MyAlarmClock_bsp/\libhal_bsp.a(alt_write.o)
 .debug_line    0x000000000000124e      0x11a ../MyAlarmClock_bsp/\libhal_bsp.a(alt_sys_init.o)
 .debug_line    0x0000000000001368       0xf0 ../MyAlarmClock_bsp/\libhal_bsp.a(altera_avalon_jtag_uart_write.o)
 .debug_line    0x0000000000001458       0x4e ../MyAlarmClock_bsp/\libhal_bsp.a(alt_dcache_flush_all.o)
 .debug_line    0x00000000000014a6       0x51 ../MyAlarmClock_bsp/\libhal_bsp.a(alt_errno.o)
 .debug_line    0x00000000000014f7       0xb3 ../MyAlarmClock_bsp/\libhal_bsp.a(alt_exception_entry.o)
 .debug_line    0x00000000000015aa       0x4e ../MyAlarmClock_bsp/\libhal_bsp.a(alt_icache_flush_all.o)
 .debug_line    0x00000000000015f8       0xbf ../MyAlarmClock_bsp/\libhal_bsp.a(alt_instruction_exception_entry.o)
 .debug_line    0x00000000000016b7       0x50 ../MyAlarmClock_bsp/\libhal_bsp.a(altera_nios2_gen2_irq.o)

.debug_frame    0x0000000000000000      0x450
 *(.debug_frame)
 .debug_frame   0x0000000000000000       0xc0 obj/default/hello_world_small.o
 .debug_frame   0x00000000000000c0       0x50 c:/intelfpga_lite/18.1/nios2eds/bin/gnu/h-x86_64-mingw32/bin/../lib/gcc/nios2-elf/5.3.0/mno-hw-mul\libgcc.a(lib2-divmod.o)
 .debug_frame   0x0000000000000110       0x20 c:/intelfpga_lite/18.1/nios2eds/bin/gnu/h-x86_64-mingw32/bin/../lib/gcc/nios2-elf/5.3.0/mno-hw-mul\libgcc.a(lib2-mul.o)
 .debug_frame   0x0000000000000130       0x48 c:/intelfpga_lite/18.1/nios2eds/bin/gnu/h-x86_64-mingw32/bin/../lib/gcc/nios2-elf/5.3.0/../../../../../H-x86_64-mingw32/nios2-elf/lib/mno-hw-mul\libsmallc.a(lib_a-puts.o)
 .debug_frame   0x0000000000000178       0x20 c:/intelfpga_lite/18.1/nios2eds/bin/gnu/h-x86_64-mingw32/bin/../lib/gcc/nios2-elf/5.3.0/../../../../../H-x86_64-mingw32/nios2-elf/lib/mno-hw-mul\libsmallc.a(lib_a-strlen.o)
 .debug_frame   0x0000000000000198       0x58 c:/intelfpga_lite/18.1/nios2eds/bin/gnu/h-x86_64-mingw32/bin/../lib/gcc/nios2-elf/5.3.0/../../../../../H-x86_64-mingw32/nios2-elf/lib/mno-hw-mul\libsmallc.a(lib_a-fvwrite_small_dev.o)
 .debug_frame   0x00000000000001f0       0x38 c:/intelfpga_lite/18.1/nios2eds/bin/gnu/h-x86_64-mingw32/bin/../lib/gcc/nios2-elf/5.3.0/../../../../../H-x86_64-mingw32/nios2-elf/lib/mno-hw-mul\libsmallc.a(lib_a-writer.o)
 .debug_frame   0x0000000000000228       0x50 ../MyAlarmClock_bsp/\libhal_bsp.a(alt_iic.o)
 .debug_frame   0x0000000000000278       0x30 ../MyAlarmClock_bsp/\libhal_bsp.a(alt_iic_isr_register.o)
 .debug_frame   0x00000000000002a8       0x34 ../MyAlarmClock_bsp/\libhal_bsp.a(alt_irq_handler.o)
 .debug_frame   0x00000000000002dc       0x30 ../MyAlarmClock_bsp/\libhal_bsp.a(alt_load.o)
 .debug_frame   0x000000000000030c       0x2c ../MyAlarmClock_bsp/\libhal_bsp.a(alt_main.o)
 .debug_frame   0x0000000000000338       0x2c ../MyAlarmClock_bsp/\libhal_bsp.a(alt_write.o)
 .debug_frame   0x0000000000000364       0x3c ../MyAlarmClock_bsp/\libhal_bsp.a(alt_sys_init.o)
 .debug_frame   0x00000000000003a0       0x20 ../MyAlarmClock_bsp/\libhal_bsp.a(altera_avalon_jtag_uart_write.o)
 .debug_frame   0x00000000000003c0       0x20 ../MyAlarmClock_bsp/\libhal_bsp.a(alt_dcache_flush_all.o)
 .debug_frame   0x00000000000003e0       0x20 ../MyAlarmClock_bsp/\libhal_bsp.a(alt_icache_flush_all.o)
 .debug_frame   0x0000000000000400       0x30 ../MyAlarmClock_bsp/\libhal_bsp.a(alt_instruction_exception_entry.o)
 .debug_frame   0x0000000000000430       0x20 ../MyAlarmClock_bsp/\libhal_bsp.a(altera_nios2_gen2_irq.o)

.debug_str      0x0000000000000000     0x142d
 *(.debug_str)
 .debug_str     0x0000000000000000      0x202 obj/default/hello_world_small.o
                                        0x255 (size before relaxing)
 .debug_str     0x0000000000000202      0x187 c:/intelfpga_lite/18.1/nios2eds/bin/gnu/h-x86_64-mingw32/bin/../lib/gcc/nios2-elf/5.3.0/mno-hw-mul\libgcc.a(lib2-divmod.o)
                                        0x1d2 (size before relaxing)
 .debug_str     0x0000000000000389       0x40 c:/intelfpga_lite/18.1/nios2eds/bin/gnu/h-x86_64-mingw32/bin/../lib/gcc/nios2-elf/5.3.0/mno-hw-mul\libgcc.a(lib2-mul.o)
                                        0x193 (size before relaxing)
 .debug_str     0x00000000000003c9      0x3f5 c:/intelfpga_lite/18.1/nios2eds/bin/gnu/h-x86_64-mingw32/bin/../lib/gcc/nios2-elf/5.3.0/../../../../../H-x86_64-mingw32/nios2-elf/lib/mno-hw-mul\libsmallc.a(lib_a-puts.o)
                                        0x4cd (size before relaxing)
 .debug_str     0x00000000000007be       0xd2 c:/intelfpga_lite/18.1/nios2eds/bin/gnu/h-x86_64-mingw32/bin/../lib/gcc/nios2-elf/5.3.0/../../../../../H-x86_64-mingw32/nios2-elf/lib/mno-hw-mul\libsmallc.a(lib_a-strlen.o)
                                        0x1e5 (size before relaxing)
 .debug_str     0x0000000000000890       0x63 c:/intelfpga_lite/18.1/nios2eds/bin/gnu/h-x86_64-mingw32/bin/../lib/gcc/nios2-elf/5.3.0/../../../../../H-x86_64-mingw32/nios2-elf/lib/mno-hw-mul\libsmallc.a(lib_a-fvwrite_small_dev.o)
                                        0x4d4 (size before relaxing)
 .debug_str     0x00000000000008f3       0xef c:/intelfpga_lite/18.1/nios2eds/bin/gnu/h-x86_64-mingw32/bin/../lib/gcc/nios2-elf/5.3.0/../../../../../H-x86_64-mingw32/nios2-elf/lib/mno-hw-mul\libsmallc.a(lib_a-impure.o)
                                        0x4be (size before relaxing)
 .debug_str     0x00000000000009e2       0x45 c:/intelfpga_lite/18.1/nios2eds/bin/gnu/h-x86_64-mingw32/bin/../lib/gcc/nios2-elf/5.3.0/../../../../../H-x86_64-mingw32/nios2-elf/lib/mno-hw-mul\libsmallc.a(lib_a-writer.o)
                                        0x4b8 (size before relaxing)
 .debug_str     0x0000000000000a27       0x3f c:/intelfpga_lite/18.1/nios2eds/bin/gnu/h-x86_64-mingw32/bin/../lib/gcc/nios2-elf/5.3.0/../../../../../H-x86_64-mingw32/nios2-elf/lib/mno-hw-mul\libsmallc.a(lib_a-int_errno.o)
                                        0x1d8 (size before relaxing)
 .debug_str     0x0000000000000a66      0x151 ../MyAlarmClock_bsp/\libhal_bsp.a(alt_iic.o)
                                        0x26e (size before relaxing)
 .debug_str     0x0000000000000bb7       0x37 ../MyAlarmClock_bsp/\libhal_bsp.a(alt_iic_isr_register.o)
                                        0x228 (size before relaxing)
 .debug_str     0x0000000000000bee       0x3a ../MyAlarmClock_bsp/\libhal_bsp.a(alt_irq_handler.o)
                                        0x1b2 (size before relaxing)
 .debug_str     0x0000000000000c28       0x17 ../MyAlarmClock_bsp/\libhal_bsp.a(alt_irq_vars.o)
                                        0x155 (size before relaxing)
 .debug_str     0x0000000000000c3f      0x113 ../MyAlarmClock_bsp/\libhal_bsp.a(alt_load.o)
                                        0x257 (size before relaxing)
 .debug_str     0x0000000000000d52       0x8a ../MyAlarmClock_bsp/\libhal_bsp.a(alt_main.o)
                                        0x1d0 (size before relaxing)
 .debug_str     0x0000000000000ddc       0x6f ../MyAlarmClock_bsp/\libhal_bsp.a(alt_write.o)
                                        0x1f4 (size before relaxing)
 .debug_str     0x0000000000000e4b       0xb9 ../MyAlarmClock_bsp/\libhal_bsp.a(alt_sys_init.o)
                                        0x272 (size before relaxing)
 .debug_str     0x0000000000000f04       0x2c ../MyAlarmClock_bsp/\libhal_bsp.a(altera_avalon_jtag_uart_write.o)
                                        0x230 (size before relaxing)
 .debug_str     0x0000000000000f30       0x1f ../MyAlarmClock_bsp/\libhal_bsp.a(alt_dcache_flush_all.o)
                                        0x170 (size before relaxing)
 .debug_str     0x0000000000000f4f       0x14 ../MyAlarmClock_bsp/\libhal_bsp.a(alt_errno.o)
                                        0x160 (size before relaxing)
 .debug_str     0x0000000000000f63       0x1f ../MyAlarmClock_bsp/\libhal_bsp.a(alt_icache_flush_all.o)
                                        0x170 (size before relaxing)
 .debug_str     0x0000000000000f82      0x48b ../MyAlarmClock_bsp/\libhal_bsp.a(alt_instruction_exception_entry.o)
                                        0x5bb (size before relaxing)
 .debug_str     0x000000000000140d       0x20 ../MyAlarmClock_bsp/\libhal_bsp.a(altera_nios2_gen2_irq.o)
                                        0x177 (size before relaxing)

.debug_loc      0x0000000000000000      0xf0f
 *(.debug_loc)
 .debug_loc     0x0000000000000000      0x1ef obj/default/hello_world_small.o
 .debug_loc     0x00000000000001ef      0x4ce c:/intelfpga_lite/18.1/nios2eds/bin/gnu/h-x86_64-mingw32/bin/../lib/gcc/nios2-elf/5.3.0/mno-hw-mul\libgcc.a(lib2-divmod.o)
 .debug_loc     0x00000000000006bd       0x93 c:/intelfpga_lite/18.1/nios2eds/bin/gnu/h-x86_64-mingw32/bin/../lib/gcc/nios2-elf/5.3.0/mno-hw-mul\libgcc.a(lib2-mul.o)
 .debug_loc     0x0000000000000750       0x97 c:/intelfpga_lite/18.1/nios2eds/bin/gnu/h-x86_64-mingw32/bin/../lib/gcc/nios2-elf/5.3.0/../../../../../H-x86_64-mingw32/nios2-elf/lib/mno-hw-mul\libsmallc.a(lib_a-puts.o)
 .debug_loc     0x00000000000007e7       0x1e c:/intelfpga_lite/18.1/nios2eds/bin/gnu/h-x86_64-mingw32/bin/../lib/gcc/nios2-elf/5.3.0/../../../../../H-x86_64-mingw32/nios2-elf/lib/mno-hw-mul\libsmallc.a(lib_a-strlen.o)
 .debug_loc     0x0000000000000805      0x110 c:/intelfpga_lite/18.1/nios2eds/bin/gnu/h-x86_64-mingw32/bin/../lib/gcc/nios2-elf/5.3.0/../../../../../H-x86_64-mingw32/nios2-elf/lib/mno-hw-mul\libsmallc.a(lib_a-fvwrite_small_dev.o)
 .debug_loc     0x0000000000000915       0xa5 c:/intelfpga_lite/18.1/nios2eds/bin/gnu/h-x86_64-mingw32/bin/../lib/gcc/nios2-elf/5.3.0/../../../../../H-x86_64-mingw32/nios2-elf/lib/mno-hw-mul\libsmallc.a(lib_a-writer.o)
 .debug_loc     0x00000000000009ba      0x170 ../MyAlarmClock_bsp/\libhal_bsp.a(alt_iic.o)
 .debug_loc     0x0000000000000b2a      0x193 ../MyAlarmClock_bsp/\libhal_bsp.a(alt_iic_isr_register.o)
 .debug_loc     0x0000000000000cbd       0x72 ../MyAlarmClock_bsp/\libhal_bsp.a(alt_irq_handler.o)
 .debug_loc     0x0000000000000d2f       0xcf ../MyAlarmClock_bsp/\libhal_bsp.a(alt_write.o)
 .debug_loc     0x0000000000000dfe       0x21 ../MyAlarmClock_bsp/\libhal_bsp.a(alt_sys_init.o)
 .debug_loc     0x0000000000000e1f       0x8b ../MyAlarmClock_bsp/\libhal_bsp.a(altera_avalon_jtag_uart_write.o)
 .debug_loc     0x0000000000000eaa       0x65 ../MyAlarmClock_bsp/\libhal_bsp.a(alt_instruction_exception_entry.o)

.debug_macinfo
 *(.debug_macinfo)

.debug_weaknames
 *(.debug_weaknames)

.debug_funcnames
 *(.debug_funcnames)

.debug_typenames
 *(.debug_typenames)

.debug_varnames
 *(.debug_varnames)

.debug_alt_sim_info
                0x0000000000000000       0x10
 *(.debug_alt_sim_info)
 .debug_alt_sim_info
                0x0000000000000000       0x10 ../MyAlarmClock_bsp//obj/HAL/src/crt0.o
                0x000000000001bfa4                __alt_data_end = 0x1bfa4
                0x000000000001bfa4                PROVIDE (__alt_stack_pointer, __alt_data_end)
                [!provide]                        PROVIDE (__alt_stack_limit, __alt_stack_base)
                [!provide]                        PROVIDE (__alt_heap_start, end)
                [!provide]                        PROVIDE (__alt_heap_limit, 0x1bfa4)
OUTPUT(MyAlarmClock.elf elf32-littlenios2)

.debug_ranges   0x0000000000000000      0x1e0
 .debug_ranges  0x0000000000000000       0x20 ../MyAlarmClock_bsp//obj/HAL/src/crt0.o
 .debug_ranges  0x0000000000000020       0x18 obj/default/hello_world_small.o
 .debug_ranges  0x0000000000000038       0x60 c:/intelfpga_lite/18.1/nios2eds/bin/gnu/h-x86_64-mingw32/bin/../lib/gcc/nios2-elf/5.3.0/mno-hw-mul\libgcc.a(lib2-divmod.o)
 .debug_ranges  0x0000000000000098       0x18 c:/intelfpga_lite/18.1/nios2eds/bin/gnu/h-x86_64-mingw32/bin/../lib/gcc/nios2-elf/5.3.0/../../../../../H-x86_64-mingw32/nios2-elf/lib/mno-hw-mul\libsmallc.a(lib_a-puts.o)
 .debug_ranges  0x00000000000000b0       0x10 c:/intelfpga_lite/18.1/nios2eds/bin/gnu/h-x86_64-mingw32/bin/../lib/gcc/nios2-elf/5.3.0/../../../../../H-x86_64-mingw32/nios2-elf/lib/mno-hw-mul\libsmallc.a(lib_a-strlen.o)
 .debug_ranges  0x00000000000000c0       0x28 c:/intelfpga_lite/18.1/nios2eds/bin/gnu/h-x86_64-mingw32/bin/../lib/gcc/nios2-elf/5.3.0/../../../../../H-x86_64-mingw32/nios2-elf/lib/mno-hw-mul\libsmallc.a(lib_a-fvwrite_small_dev.o)
 .debug_ranges  0x00000000000000e8       0x10 c:/intelfpga_lite/18.1/nios2eds/bin/gnu/h-x86_64-mingw32/bin/../lib/gcc/nios2-elf/5.3.0/../../../../../H-x86_64-mingw32/nios2-elf/lib/mno-hw-mul\libsmallc.a(lib_a-writer.o)
 .debug_ranges  0x00000000000000f8       0x28 ../MyAlarmClock_bsp/\libhal_bsp.a(alt_irq_entry.o)
 .debug_ranges  0x0000000000000120       0x10 ../MyAlarmClock_bsp/\libhal_bsp.a(alt_irq_handler.o)
 .debug_ranges  0x0000000000000130       0x48 ../MyAlarmClock_bsp/\libhal_bsp.a(alt_load.o)
 .debug_ranges  0x0000000000000178       0x20 ../MyAlarmClock_bsp/\libhal_bsp.a(alt_write.o)
 .debug_ranges  0x0000000000000198       0x30 ../MyAlarmClock_bsp/\libhal_bsp.a(alt_exception_entry.o)
 .debug_ranges  0x00000000000001c8       0x18 ../MyAlarmClock_bsp/\libhal_bsp.a(alt_instruction_exception_entry.o)
